17:25:24 **** Build of configuration Debug for project use_led ****
make all 
make --no-print-directory pre-build
a9-linaro-pre-build-step
' '
make --no-print-directory main-build
'Building file: ../src/main.c'
'Invoking: ARM v7 gcc compiler'
arm-none-eabi-gcc -Wall -O0 -g3 -c -fmessage-length=0 -MT"src/main.o" -mcpu=cortex-a9 -mfpu=vfpv3 -mfloat-abi=hard -ID:/EmbeddedVitis/custom_ip/user_led/vitis/user_led_wrapper/export/user_led_wrapper/sw/user_led_wrapper/standalone_ps7_cortexa9_0/bspinclude/include -MMD -MP -MF"src/main.d" -MT"src/main.o" -o "src/main.o" "../src/main.c"
'Finished building: ../src/main.c'
' '
'Building target: use_led.elf'
'Invoking: ARM v7 gcc linker'
arm-none-eabi-gcc -mcpu=cortex-a9 -mfpu=vfpv3 -mfloat-abi=hard -Wl,-build-id=none -specs=Xilinx.spec -Wl,-T -Wl,../src/lscript.ld -LD:/EmbeddedVitis/custom_ip/user_led/vitis/user_led_wrapper/export/user_led_wrapper/sw/user_led_wrapper/standalone_ps7_cortexa9_0/bsplib/lib -o "use_led.elf"  ./src/main.o   -Wl,--start-group,-lxil,-lgcc,-lc,--end-group
'Finished building target: use_led.elf'
' '
'Invoking: ARM v7 Print Size'
arm-none-eabi-size use_led.elf  |tee "use_led.elf.size"
   text	   data	    bss	    dec	    hex	filename
  22076	   1144	  22568	  45788	   b2dc	use_led.elf
'Finished building: use_led.elf.size'
' '

17:25:25 Build Finished (took 1s.1ms)

