20:42:58 **** Incremental Build of configuration Debug for project axi_gpio ****
make all 
make --no-print-directory pre-build
a9-linaro-pre-build-step
' '
make --no-print-directory main-build
'Building file: ../src/main.c'
'Invoking: ARM v7 gcc compiler'
arm-none-eabi-gcc -Wall -O0 -g3 -c -fmessage-length=0 -MT"src/main.o" -mcpu=cortex-a9 -mfpu=vfpv3 -mfloat-abi=hard -ID:/EmbeddedVitis/axi_gpio/vitis/axi_gpio_wrapper/export/axi_gpio_wrapper/sw/axi_gpio_wrapper/standalone_ps7_cortexa9_0/bspinclude/include -MMD -MP -MF"src/main.d" -MT"src/main.o" -o "src/main.o" "../src/main.c"
'Finished building: ../src/main.c'
' '
'Building target: axi_gpio.elf'
'Invoking: ARM v7 gcc linker'
arm-none-eabi-gcc -mcpu=cortex-a9 -mfpu=vfpv3 -mfloat-abi=hard -Wl,-build-id=none -specs=Xilinx.spec -Wl,-T -Wl,../src/lscript.ld -LD:/EmbeddedVitis/axi_gpio/vitis/axi_gpio_wrapper/export/axi_gpio_wrapper/sw/axi_gpio_wrapper/standalone_ps7_cortexa9_0/bsplib/lib -o "axi_gpio.elf"  ./src/main.o   -Wl,--start-group,-lxil,-lgcc,-lc,--end-group
'Finished building target: axi_gpio.elf'
' '
'Invoking: ARM v7 Print Size'
arm-none-eabi-size axi_gpio.elf  |tee "axi_gpio.elf.size"
   text	   data	    bss	    dec	    hex	filename
  34744	   1944	  22648	  59336	   e7c8	axi_gpio.elf
'Finished building: axi_gpio.elf.size'
' '

20:42:59 Build Finished (took 941ms)

