22:43:02 **** Build of configuration Debug for project gpio_mio_interrupt ****
make all 
make --no-print-directory pre-build
a9-linaro-pre-build-step
' '
make --no-print-directory main-build
'Building file: ../src/main.c'
'Invoking: ARM v7 gcc compiler'
arm-none-eabi-gcc -Wall -O0 -g3 -c -fmessage-length=0 -MT"src/main.o" -mcpu=cortex-a9 -mfpu=vfpv3 -mfloat-abi=hard -ID:/EmbeddedVitis/gpio_mio_interrupt/vitis/gpio_mio_interrupt_wrapper/export/gpio_mio_interrupt_wrapper/sw/gpio_mio_interrupt_wrapper/standalone_ps7_cortexa9_0/bspinclude/include -MMD -MP -MF"src/main.d" -MT"src/main.o" -o "src/main.o" "../src/main.c"
'Finished building: ../src/main.c'
' '
'Building target: gpio_mio_interrupt.elf'
'Invoking: ARM v7 gcc linker'
arm-none-eabi-gcc -mcpu=cortex-a9 -mfpu=vfpv3 -mfloat-abi=hard -Wl,-build-id=none -specs=Xilinx.spec -Wl,-T -Wl,../src/lscript.ld -LD:/EmbeddedVitis/gpio_mio_interrupt/vitis/gpio_mio_interrupt_wrapper/export/gpio_mio_interrupt_wrapper/sw/gpio_mio_interrupt_wrapper/standalone_ps7_cortexa9_0/bsplib/lib -o "gpio_mio_interrupt.elf"  ./src/main.o   -Wl,--start-group,-lxil,-lgcc,-lc,--end-group
'Finished building target: gpio_mio_interrupt.elf'
' '
'Invoking: ARM v7 Print Size'
arm-none-eabi-size gpio_mio_interrupt.elf  |tee "gpio_mio_interrupt.elf.size"
   text	   data	    bss	    dec	    hex	filename
  32564	   1928	  22648	  57140	   df34	gpio_mio_interrupt.elf
'Finished building: gpio_mio_interrupt.elf.size'
' '

22:43:03 Build Finished (took 858ms)

