16:29:50 **** Incremental Build of configuration Debug for project axi_dma_loop ****
make all 
make --no-print-directory pre-build
a9-linaro-pre-build-step
' '
make --no-print-directory main-build
'Building file: ../src/main.c'
'Invoking: ARM v7 gcc compiler'
arm-none-eabi-gcc -Wall -O0 -g3 -c -fmessage-length=0 -MT"src/main.o" -mcpu=cortex-a9 -mfpu=vfpv3 -mfloat-abi=hard -ID:/lkx/EmbeddedVitis/axi_dma_loop/vitis/axi_dma_loop_wrapper/export/axi_dma_loop_wrapper/sw/axi_dma_loop_wrapper/standalone_ps7_cortexa9_0/bspinclude/include -MMD -MP -MF"src/main.d" -MT"src/main.o" -o "src/main.o" "../src/main.c"
../src/main.c: In function 'main':
../src/main.c:55:9: warning: unused variable 'i' [-Wunused-variable]
   55 |     int i;
      |         ^
'Finished building: ../src/main.c'
' '
'Building target: axi_dma_loop.elf'
'Invoking: ARM v7 gcc linker'
arm-none-eabi-gcc -mcpu=cortex-a9 -mfpu=vfpv3 -mfloat-abi=hard -Wl,-build-id=none -specs=Xilinx.spec -Wl,-T -Wl,../src/lscript.ld -LD:/lkx/EmbeddedVitis/axi_dma_loop/vitis/axi_dma_loop_wrapper/export/axi_dma_loop_wrapper/sw/axi_dma_loop_wrapper/standalone_ps7_cortexa9_0/bsplib/lib -o "axi_dma_loop.elf"  ./src/main.o   -Wl,--start-group,-lxil,-lgcc,-lc,--end-group
'Finished building target: axi_dma_loop.elf'
' '
'Invoking: ARM v7 Print Size'
arm-none-eabi-size axi_dma_loop.elf  |tee "axi_dma_loop.elf.size"
   text	   data	    bss	    dec	    hex	filename
  38436	   3024	  24536	  65996	  101cc	axi_dma_loop.elf
'Finished building: axi_dma_loop.elf.size'
' '

16:29:50 Build Finished (took 541ms)

